Collecting fastapi>=0.110.0 (from -r C:\Users\shubh\Downloads\gram_arogya\gram_arogya\backend\requirements.txt (line 1))
  Using cached fastapi-0.141.1-py3-none-any.whl.metadata (27 kB)
Collecting uvicorn>=0.28.0 (from uvicorn[standard]>=0.28.0->-r C:\Users\shubh\Downloads\gram_arogya\gram_arogya\backend\requirements.txt (line 2))
  Using cached uvicorn-0.52.4-py3-none-any.whl.metadata (6.6 kB)
Collecting sqlalchemy>=2.0.28 (from -r C:\Users\shubh\Downloads\gram_arogya\gram_arogya\backend\requirements.txt (line 3))
  Using cached sqlalchemy-2.0.52-cp314-cp314-win_amd64.whl.metadata (9.9 kB)
Collecting pydantic>=2.6.4 (from -r C:\Users\shubh\Downloads\gram_arogya\gram_arogya\backend\requirements.txt (line 4))
  Using cached pydantic-2.13.5-py3-none-any.whl.metadata (110 kB)
Collecting pydantic-settings>=2.2.1 (from -r C:\Users\shubh\Downloads\gram_arogya\gram_arogya\backend\requirements.txt (line 5))
  Using cached pydantic_settings-2.15.0-py3-none-any.whl.metadata (3.9 kB)
Collecting python-multipart>=0.0.9 (from -r C:\Users\shubh\Downloads\gram_arogya\gram_arogya\backend\requirements.txt (line 6))
  Using cached python_multipart-0.0.32-py3-none-any.whl.metadata (2.1 kB)
Collecting pyjwt>=2.8.0 (from -r C:\Users\shubh\Downloads\gram_arogya\gram_arogya\backend\requirements.txt (line 7))
  Using cached pyjwt-2.14.0-py3-none-any.whl.metadata (3.4 kB)
Collecting passlib>=1.7.4 (from -r C:\Users\shubh\Downloads\gram_arogya\gram_arogya\backend\requirements.txt (line 8))
  Using cached passlib-1.7.4-py2.py3-none-any.whl.metadata (1.7 kB)
Collecting bcrypt>=4.0.1 (from -r C:\Users\shubh\Downloads\gram_arogya\gram_arogya\backend\requirements.txt (line 9))
  Using cached bcrypt-5.0.0-cp39-abi3-win_amd64.whl.metadata (10 kB)
Collecting httpx>=0.27.0 (from -r C:\Users\shubh\Downloads\gram_arogya\gram_arogya\backend\requirements.txt (line 10))
  Using cached httpx-0.28.1-py3-none-any.whl.metadata (7.1 kB)
Collecting pytest>=8.1.1 (from -r C:\Users\shubh\Downloads\gram_arogya\gram_arogya\backend\requirements.txt (line 11))
  Using cached pytest-9.1.1-py3-none-any.whl.metadata (7.6 kB)
Collecting python-dotenv>=1.0.1 (from -r C:\Users\shubh\Downloads\gram_arogya\gram_arogya\backend\requirements.txt (line 12))
  Using cached python_dotenv-1.2.3-py3-none-any.whl.metadata (29 kB)
Collecting starlette>=0.46.0 (from fastapi>=0.110.0->-r C:\Users\shubh\Downloads\gram_arogya\gram_arogya\backend\requirements.txt (line 1))
  Using cached starlette-1.6.0-py3-none-any.whl.metadata (6.4 kB)
Collecting typing-extensions>=4.8.0 (from fastapi>=0.110.0->-r C:\Users\shubh\Downloads\gram_arogya\gram_arogya\backend\requirements.txt (line 1))
  Using cached typing_extensions-4.16.0-py3-none-any.whl.metadata (3.3 kB)
Collecting typing-inspection>=0.4.2 (from fastapi>=0.110.0->-r C:\Users\shubh\Downloads\gram_arogya\gram_arogya\backend\requirements.txt (line 1))
  Using cached typing_inspection-0.4.4-py3-none-any.whl.metadata (2.6 kB)
Collecting annotated-doc>=0.0.2 (from fastapi>=0.110.0->-r C:\Users\shubh\Downloads\gram_arogya\gram_arogya\backend\requirements.txt (line 1))
  Using cached annotated_doc-0.0.5-py3-none-any.whl.metadata (6.5 kB)
Collecting click>=7.0 (from uvicorn>=0.28.0->uvicorn[standard]>=0.28.0->-r C:\Users\shubh\Downloads\gram_arogya\gram_arogya\backend\requirements.txt (line 2))
  Using cached click-8.5.0-py3-none-any.whl.metadata (2.6 kB)
Collecting h11>=0.8 (from uvicorn>=0.28.0->uvicorn[standard]>=0.28.0->-r C:\Users\shubh\Downloads\gram_arogya\gram_arogya\backend\requirements.txt (line 2))
  Using cached h11-0.16.0-py3-none-any.whl.metadata (8.3 kB)
Collecting greenlet>=1 (from sqlalchemy>=2.0.28->-r C:\Users\shubh\Downloads\gram_arogya\gram_arogya\backend\requirements.txt (line 3))
  Using cached greenlet-3.5.5-cp314-cp314-win_amd64.whl.metadata (3.9 kB)
Collecting annotated-types>=0.6.0 (from pydantic>=2.6.4->-r C:\Users\shubh\Downloads\gram_arogya\gram_arogya\backend\requirements.txt (line 4))
  Using cached annotated_types-0.8.0-py3-none-any.whl.metadata (15 kB)
Collecting pydantic-core==2.46.5 (from pydantic>=2.6.4->-r C:\Users\shubh\Downloads\gram_arogya\gram_arogya\backend\requirements.txt (line 4))
  Using cached pydantic_core-2.46.5-cp314-cp314-win_amd64.whl.metadata (6.7 kB)
Collecting anyio (from httpx>=0.27.0->-r C:\Users\shubh\Downloads\gram_arogya\gram_arogya\backend\requirements.txt (line 10))
  Using cached anyio-4.15.1-py3-none-any.whl.metadata (4.7 kB)
Collecting certifi (from httpx>=0.27.0->-r C:\Users\shubh\Downloads\gram_arogya\gram_arogya\backend\requirements.txt (line 10))
  Using cached certifi-2026.7.22-py3-none-any.whl.metadata (2.5 kB)
Collecting httpcore==1.* (from httpx>=0.27.0->-r C:\Users\shubh\Downloads\gram_arogya\gram_arogya\backend\requirements.txt (line 10))
  Using cached httpcore-1.0.9-py3-none-any.whl.metadata (21 kB)
Collecting idna (from httpx>=0.27.0->-r C:\Users\shubh\Downloads\gram_arogya\gram_arogya\backend\requirements.txt (line 10))
  Using cached idna-3.19-py3-none-any.whl.metadata (9.2 kB)
Collecting colorama>=0.4 (from pytest>=8.1.1->-r C:\Users\shubh\Downloads\gram_arogya\gram_arogya\backend\requirements.txt (line 11))
  Using cached colorama-0.4.6-py2.py3-none-any.whl.metadata (17 kB)
Collecting iniconfig>=1.0.1 (from pytest>=8.1.1->-r C:\Users\shubh\Downloads\gram_arogya\gram_arogya\backend\requirements.txt (line 11))
  Using cached iniconfig-2.3.0-py3-none-any.whl.metadata (2.5 kB)
Collecting packaging>=22 (from pytest>=8.1.1->-r C:\Users\shubh\Downloads\gram_arogya\gram_arogya\backend\requirements.txt (line 11))
  Using cached packaging-26.3-py3-none-any.whl.metadata (3.5 kB)
Collecting pluggy<2,>=1.5 (from pytest>=8.1.1->-r C:\Users\shubh\Downloads\gram_arogya\gram_arogya\backend\requirements.txt (line 11))
  Using cached pluggy-1.6.0-py3-none-any.whl.metadata (4.8 kB)
Collecting pygments>=2.7.2 (from pytest>=8.1.1->-r C:\Users\shubh\Downloads\gram_arogya\gram_arogya\backend\requirements.txt (line 11))
  Using cached pygments-2.21.0-py3-none-any.whl.metadata (2.5 kB)
Collecting httptools>=0.8.0 (from uvicorn[standard]>=0.28.0->-r C:\Users\shubh\Downloads\gram_arogya\gram_arogya\backend\requirements.txt (line 2))
  Using cached httptools-0.8.0-cp314-cp314-win_amd64.whl.metadata (3.7 kB)
Collecting pyyaml>=5.1 (from uvicorn[standard]>=0.28.0->-r C:\Users\shubh\Downloads\gram_arogya\gram_arogya\backend\requirements.txt (line 2))
  Using cached pyyaml-6.0.3-cp314-cp314-win_amd64.whl.metadata (2.4 kB)
Collecting watchfiles>=0.20 (from uvicorn[standard]>=0.28.0->-r C:\Users\shubh\Downloads\gram_arogya\gram_arogya\backend\requirements.txt (line 2))
  Using cached watchfiles-1.2.0-cp314-cp314-win_amd64.whl.metadata (5.0 kB)
Collecting websockets>=13.0 (from uvicorn[standard]>=0.28.0->-r C:\Users\shubh\Downloads\gram_arogya\gram_arogya\backend\requirements.txt (line 2))
  Using cached websockets-17.1-cp314-cp314-win_amd64.whl.metadata (6.5 kB)
Using cached fastapi-0.141.1-py3-none-any.whl (131 kB)
Using cached uvicorn-0.52.4-py3-none-any.whl (79 kB)
Using cached sqlalchemy-2.0.52-cp314-cp314-win_amd64.whl (2.2 MB)
Using cached pydantic-2.13.5-py3-none-any.whl (472 kB)
Downloading pydantic_core-2.46.5-cp314-cp314-win_amd64.whl (2.0 MB)
                                            0.0/2.0 MB ? eta -:--:--
Downloading pydantic_core-2.46.5-cp314-cp314-win_amd64.whl (2.0 MB)
   ---------------------------------------- 2.0/2.0 MB 144.0 kB/s  0:00:12
Using cached pydantic_settings-2.15.0-py3-none-any.whl (69 kB)
Using cached python_multipart-0.0.32-py3-none-any.whl (30 kB)
Using cached pyjwt-2.14.0-py3-none-any.whl (32 kB)
Using cached passlib-1.7.4-py2.py3-none-any.whl (525 kB)
Using cached bcrypt-5.0.0-cp39-abi3-win_amd64.whl (150 kB)
Using cached httpx-0.28.1-py3-none-any.whl (73 kB)
Using cached httpcore-1.0.9-py3-none-any.whl (78 kB)
Using cached pytest-9.1.1-py3-none-any.whl (386 kB)
Using cached pluggy-1.6.0-py3-none-any.whl (20 kB)
Using cached python_dotenv-1.2.3-py3-none-any.whl (22 kB)
Using cached annotated_doc-0.0.5-py3-none-any.whl (5.3 kB)
Using cached annotated_types-0.8.0-py3-none-any.whl (13 kB)
Using cached click-8.5.0-py3-none-any.whl (125 kB)
Using cached colorama-0.4.6-py2.py3-none-any.whl (25 kB)
Downloading greenlet-3.5.5-cp314-cp314-win_amd64.whl (327 kB)
Using cached h11-0.16.0-py3-none-any.whl (37 kB)
Using cached iniconfig-2.3.0-py3-none-any.whl (7.5 kB)
Using cached packaging-26.3-py3-none-any.whl (129 kB)
Using cached pygments-2.21.0-py3-none-any.whl (1.3 MB)
Using cached starlette-1.6.0-py3-none-any.whl (75 kB)
Using cached anyio-4.15.1-py3-none-any.whl (132 kB)
Using cached idna-3.19-py3-none-any.whl (68 kB)
Using cached typing_extensions-4.16.0-py3-none-any.whl (45 kB)
Using cached typing_inspection-0.4.4-py3-none-any.whl (14 kB)
Using cached httptools-0.8.0-cp314-cp314-win_amd64.whl (92 kB)
Using cached pyyaml-6.0.3-cp314-cp314-win_amd64.whl (156 kB)
Using cached watchfiles-1.2.0-cp314-cp314-win_amd64.whl (288 kB)
Downloading websockets-17.1-cp314-cp314-win_amd64.whl (217 kB)
Using cached certifi-2026.7.22-py3-none-any.whl (136 kB)
Installing collected packages: passlib, websockets, typing-extensions, pyyaml, python-multipart, python-dotenv, pyjwt, pygments, pluggy, packaging, iniconfig, idna, httptools, h11, greenlet, colorama, click, certifi, bcrypt, annotated-types, annotated-doc, uvicorn, typing-inspection, sqlalchemy, pytest, pydantic-core, httpcore, anyio, watchfiles, starlette, pydantic, httpx, pydantic-settings, fastapi
